
> my-project@0.1.0 build
> next build

Γû▓ Next.js 16.1.6 (Turbopack)
- Environments: .env.local

  Creating an optimized production build ...
Γ£ô Compiled successfully in 12.6s
  Skipping validation of types
  Collecting page data using 7 workers ...
  Generating static pages using 7 workers (0/4) ...
  Generating static pages using 7 workers (1/4) 
node.exe : Γ¿» 
useSearchParams() 
should be wrapped in a 
suspense boundary at 
page "/". Read more: ht
tps://nextjs.org/docs/m
essages/missing-suspens
e-with-csr-bailout
At line:1 char:1
+ & "C:\Program 
Files\nodejs/node.exe" 
"C:\Program 
Files\nodejs/node_mo 
...
+ ~~~~~~~~~~~~~~~~~~~~~
~~~~~~~~~~~~~~~~~~~~~~~
~~~~~~~~~~~~~~~~~~~~~~~
~~
    + CategoryInfo     
         : NotSpecifi  
  ed: (Γ¿» useSearch   
 Pa...ith-csr-bailo    
ut:String) [], Rem    
oteException
    + FullyQualifiedEr 
   rorId : NativeComm  
  andError
 
    at Q (D:\movies-rea
ct-nextjs-project\.next
\server\chunks\ssr\_24e
4c606._.js:2:2111)
    at o (D:\movies-rea
ct-nextjs-project\.next
\server\chunks\ssr\_24e
4c606._.js:4:5284)
    at u (D:\movies-rea
ct-nextjs-project\.next
\server\chunks\ssr\_7e3
a781f._.js:1:7648)
    at an (D:\movies-re
act-nextjs-project\node
_modules\next\dist\comp
iled\next-server\app-pa
ge-turbo.runtime.prod.j
s:2:84360)
    at ai (D:\movies-re
act-nextjs-project\node
_modules\next\dist\comp
iled\next-server\app-pa
ge-turbo.runtime.prod.j
s:2:86179)
    at al (D:\movies-re
act-nextjs-project\node
_modules\next\dist\comp
iled\next-server\app-pa
ge-turbo.runtime.prod.j
s:2:107953)
    at as (D:\movies-re
act-nextjs-project\node
_modules\next\dist\comp
iled\next-server\app-pa
ge-turbo.runtime.prod.j
s:2:105368)
    at aa (D:\movies-re
act-nextjs-project\node
_modules\next\dist\comp
iled\next-server\app-pa
ge-turbo.runtime.prod.j
s:2:84712)
    at ai (D:\movies-re
act-nextjs-project\node
_modules\next\dist\comp
iled\next-server\app-pa
ge-turbo.runtime.prod.j
s:2:86228)
    at ai (D:\movies-re
act-nextjs-project\node
_modules\next\dist\comp
iled\next-server\app-pa
ge-turbo.runtime.prod.j
s:2:104708)
Error occurred 
prerendering page "/". 
Read more: https://next
js.org/docs/messages/pr
erender-error
Export encountered an 
error on /page: /, 
exiting the build.
Γ¿» Next.js build 
worker exited with 
code: 1 and signal: 
null
